ajective -> ADJ
proper noun 1 -> PRON
proper noun 2 -> PRON
proper noun 3 -> PRON
proper noun 4 -> PRON
proper noun 5 -> PRON
proper noun 6 -> PRON
proper noun 7 -> PRON
proper noun 8 -> PRON
proper noun 9 -> PRON
adposition -> ADP
adjective form -> ADJ
noun 1 -> NOUN
noun 2 -> NOUN
noun 3 -> NOUN
noun 4 -> NOUN
noun 5 -> NOUN
noun 6 -> NOUN
noun 7 -> NOUN
noun 8 -> NOUN
noun 9 -> NOUN
noun phrase -> NOUN
auxiliary verb -> VERB
verb 1 -> VERB
verb 2 -> VERB
verb 3 -> VERB
verb 4 -> VERB
verb 5 -> VERB
verb 6 -> VERB
verb 7 -> VERB
verb 8 -> VERB
verb 9 -> VERB
gerund -> NOUN
noun form -> NOUN
verbal noun -> NOUN
ordinal number -> NUM
ordinal numeral -> NUM
postposition -> ADP
prepositional phrase -> ADP
number -> NUM
adjectival noun -> NOUN
cardinal number -> NUM
cardinal numeral -> NUM
determiner -> DET
verb form -> VERB
pronoun -> PRON
participle -> VERB
participle -> ADJ
adverb -> ADV
proper noun -> PRON
adjective -> ADJ
noun -> NOUN
verb -> VERB
conjunction -> CONJ
interjection -> X
prepositions -> ADP
symbol -> X
noun|case -> NOUN
measure word -> NOUN
particle -> PRT
article -> DET
article form -> DET
