adjetivo -> ADJ
sustantivo masculino -> NOUN
adverbio de tiempo -> ADV
sustantivo femenino y masculino -> NOUN
adjetivo gentilicio -> ADJ
adjetivo calificativo -> ADJ
sustantivo (idioma inglés) -> NOUN
sustantivo -> NOUN
sustantivo propio -> PRON
sustantivo femenino propio -> PRON
sustantivo femenino -> NOUN
sustantivo neutro -> NOUN
verbo transitivo -> VERB
verbo -> VERB
verbo intransitivo -> VERB
adverbio -> ADV
sustantivos masculinos -> NOUN
conjunción -> CONJ
adjetivo numeral cardinal -> NUM
adjetivo y sustantivo masculino -> ADJ
adjetivo y sustantivo masculino -> NOUN
adjetivo cardinal -> NUM
artículo -> DET
interjección -> X
sustantivo femenino plural -> NOUN
verbo modal -> VERB
sustantivos comunes -> NOUN
sustantivo masculino compuesto -> NOUN
sustantvios masculinos -> NOUN
pronombre personal -> PRON
verbo pronominal -> VERB
verbo impersonal -> VERB
preposición y pronombre relativo -> ADP
preposición y pronombre relativo
preposición y verbo copulativo -> ADP
forma adjetiva -> ADJ
locución verbal -> VERB
sustantivo colectivo -> NOUN
adjetivo masculino -> ADJ
pronombre -> PRON
nombre propio femenino -> PRON
verbo auxiliar -> VERB
sustantivo masculino y femenino -> NOUN
sustantivo común -> NOUN
sustantivo masculinos -> NOUN
adverbio de lugar -> ADV
verbo transitivos -> VERB
locución adjetiva -> ADJ
nombre propio masculino -> PRON
sustantivo femenino compuesto -> NOUN
verboide -> VERB
forma adjetiva y de pronombre indeterminado -> ADJ
adjetivo numeral -> ADJ
adjetivos -> ADJ
determinante numeral -> NUM
pronombre interrogativo -> PRON
numeral cardinal -> NUM
forma de sustantivo -> NOUN
conjugación verbal -> VERB
sustantivo ambiguo -> NOUN
pronombre demostrativo -> PRON
adjetivo indefinido -> ADJ
pronombre indefinido -> PRON
preposición -> ADP
partícula -> X
sustantivo común en cuanto género -> NOUN
sustantivo de clase 1a -> NOUN
sustantivofemenino compuesto -> NOUN
sustantivo masculino plural -> NOUN
adverbio de modo -> ADV
sustantivo masculino propio -> PRON
adjectivo -> ADJ
sustantivos -> NOUN
verbo transitivo e intransitivo -> VERB
adjetivo numeral cardinal masculino -> ADJ
verbo intransitivo y transitivo -> VERB
adjetivo ordinal -> ADJ
sustantivo común en cuanto al género -> NOUN
adjetivo invariable -> ADJ
sustantivo masculino o femenino -> NOUN
artículo determinado neutro singular -> DET
sustantivos femeninos -> NOUN
sustantivofemenino -> NOUN
forma adjetiva y de participio -> ADJ
substantivo femenino -> NOUN
verbos -> VERB
adjetivo/sustantivo masculino -> ADJ
adjetivo/sustantivo masculino -> NOUN
preposición y pronombre -> ADP
sustantivo inanimado -> NOUN
forma sustantiva masculina -> NOUN
werkwoord-verbo -> VERB
bijvoegelijk naamwoord - adjetivo -> ADJ
zelfstandig naamwoord - sustantivo -> NOUN
zelfstandig naamwoord-sustantivo -> NOUN
uitdrukking - locución adverbial -> ADV
sustantivo femenino o masculino -> NOUN
forma verbal conjugada -> VERB
sustantivo propio masculino -> NOUN
forma de adjetivo -> ADJ
susantivo femenino -> NOUN
sustantivo propio femenino -> NOUN
sustantivos común -> NOUN
sustantivo femeninino -> NOUN
inerjección -> X
sustantivo feminino -> NOUN
participio -> VERB
participio -> ADJ
verbo reflexivo (pronominal) -> VERB
artículo determinado -> DET
adjetivo y sustantivo -> ADJ
adjetivo y sustantivo -> NOUN
símbolo -> X
verbo transitivo y verbo pronominal -> VERB
verbo instransitivo -> VERB
sustantivo  femenino -> NOUN
adjetivo & adverbio -> ADJ
adjetivo & adverbio -> ADV
sustantivo  masculino -> NOUN
sustantivo maculino -> NOUN
adverbio locativo -> ADV
locución adverbial modal -> ADV
locución verbal intransitiva -> VERB
locución verbal transitiva -> VERB
locución verbal pronominal -> VERB
verbo reflexivo -> VERB
verbos relacionados -> VERB
verbo transitivo, intransitivo y pronominal -> VERB
adverbio modal -> ADV
sustantivo masculino y sustantivo femenino -> NOUN
adjetivo femenino -> ADJ
locución adverbial temporal -> ADV
sustantivo masculino y femenino compuesto -> NOUN
verbo intranstivio -> VERB
adjetivo posesivo -> ADJ
adjetivio -> ADJ
pronombre posesivo -> PRON
ádjetivo -> ADJ
adjetivo masculino singular -> ADJ
pronombre relativo -> PRON
flexión verbal -> VERB
adverbio de cantidad -> ADV
sustantivo propio femenino plural -> NOUN
substantivo propio -> NOUN
verbos intransitivos -> VERB
sustantivo femeninos -> NOUN
número -> NUM
sustantivo de género común -> NOUN
adjetivo/sustantivo -> ADJ
adjetivo/sustantivo -> NOUN
forma conjugada verbal -> VERB
sustantivo colectivo masculino -> NOUN
sustantivo propio compuesto -> NOUN
conjunción subordinante -> CONJ
sustantivo compuesto masculino -> NOUN
pronombre relativo posesivo -> NOUN
sustantivo de clase 1 -> NOUN
1 pronombre personal (nombre ocasional dialógico) -> PRON
2 - determinante posesivo de la 1ª persona singular, antes de un sustantivo -> DET
sustantivo verbal -> NOUN
sustantivo femenino fuerte -> NOUN
verbo impersonal débil -> VERB
iniciales -> X
sílaba -> X
símbolos -> X
sustantivo masculino y neutro -> NOUN
forma declinada de sustantivo masculino -> NOUN
sustantivo masculino mutado -> NOUN
adverbio de negación -> ADV
abreviación -> X
adverbio de afirmación -> ADV
locución conjuntiva -> CONJ
forma adjetivo -> ADJ
substantivo -> NOUN
sustantivo femenino ompuesto -> NOUN
abreviaciones -> X
adverbio interrogativo -> ADV
conjunción copulativa -> CONJ
forma sustantiva femenina -> NOUN
sustantivo cardinal masculino -> NOUN
sustantivo verbal masculino -> NOUN
verbo infinitivo -> VERB
forma adjetiva y sustantiva -> ADJ
sustantivo masculin -> NOUN
número cardinal -> NUM
adjetivo y substantivo -> ADJ
adjetivo y substantivo -> ADJ
adjetivo y substantivo -> NOUN
adjetivo demostrativo -> ADJ
adverbios -> ADV
sustantivo femenino y neutro -> NOUN
artículo indefinido -> DET
conjunción interrogativa -> CONJ
verbos transitivos e intransitivos -> VERB
verbo transitivo o intransitivo -> VERB
sustantivo compuesto común en cuanto al género -> NOUN
pronombre demonstrativo -> PRON
sustantivo fememino -> NOUN
numeral -> NUM
adjetivo numeral ordinal -> NUM
preposición de acusativo -> ADP
preposición de dativo -> ADP
conjunción adversativa -> CONJ
adjentivo -> ADJ
forma de verbo -> VERB
pronombre personal átono -> PRON
adjetivo verbal -> ADJ
verbo uintransitivo -> VERB
adjetivo compuesto -> ADJ
preposición y adjetivo posesivo -> ADP
sustantativo propio -> NOUN
sustantivo de clase 9 -> NOUN
nombre de género común -> NOUN
interjección (¡viva!) -> X
sustantivo masculino compuesto o sustantivo femenino compuesto -> NOUN
sustantivo del grupo 5 -> NOUN
sustantivo indistinto -> NOUN
sustantivo del grupo 6 -> NOUN
sustantivos propios -> NOUN
artículo definido -> DET
partícula exclamativa -> X
partícula enfatizadora -> X
verbo  pronominal -> VERB
sustantivo propio plural -> VERB
artículo femenino personal -> DET
adverbio temporal -> ADV
sustantivo declinado con función adverbial -> NOUN
nombre propio neutro -> PRON
forma de artículo determinado -> DET
locuciones verbales -> VERB
locuciones adverbiales -> ADV
preposición de tiempo -> ADP
preposición de origen -> ADP
sutantivo -> NOUN
forma del verbo -> VERB
anverbio -> ADV
forma de adjetivo posesivo -> ADJ
adjverbio -> ADJ
sustantivo femenino mutado -> NOUN
contracción de conjunción -> CONJ
posposición -> ADP
verbo cópula -> VERB
sigla o símbolo -> X
sustantivo masculino fuerte -> NOUN
pron -> PRON
pronombre y adjetivo -> PRON
pronombre y adjetivo -> ADJ
sustantivos femeninos compuestos -> NOUN
símbolo químico -> X
sustantivo neutre -> NOUN
artículo indeterminado -> DET
sustantivos masculino compuesto -> NOUN
elemento compositivo -> NOUN
sustantivo mascuslino -> NOUN
sustantivo común en género -> NOUN
verbo intransitivo impersonal -> VERB
adverbio de duda -> ADV
sustantivo masculino compuestos -> NOUN
susnativo -> NOUN
sustantivo común en cuanto a género -> NOUN
adjetivo comparativo -> ADJ
sustantivo masculino y adjetivo cardinal -> NOUN
símbolo científico -> X
símbolo fonético -> X
símbolo matemático -> X
verbo transitivo e instransitivo -> VERB
sustantivo másculino -> NOUN
sustantivo masculino y adjetivo -> NOUN
sustantivo masculino y femenino y adjetivo -> NOUN
sustantivo masculino y femenino y adjetivo -> ADJ
verbo transitivo y pronominal -> VERB
preposición; adjetivo -> ADP
preposición; adjetivo -> ADJ
locución sustantiva> -> NOUN
sustantivo compuesto -> NOUN
adjetivo cardinal masculino y neutro -> ADJ
adjetivo cardinal femenino e inanimado -> ADJ
adjetivo cardinal femenino -> ADJ
adjetivo masculino-personal -> ADJ
adjetivo cardinal masculino personal -> ADJ
adjetivo cardinal masculino-personal -> ADJ
verbo  intransitivo -> VERB
verbo  transitivo -> VERB
pronombre femenino -> PRON
forma verba l -> VERB
formal verbal -> VERB
sustantivo maculino y femenino -> NOUN
sustantivo femenino débil -> NOUN
verbo intransitivo débil -> VERB
verbo transitivo compuesto -> VERB
verbo pronominal intransitivo -> VERB
sustantivo masculino femenino -> NOUN
sustantivo compuesto femenino -> NOUN
símbolo de unidad monetaria -> X
locución interjectiva -> X
verbio intransitivo -> VERB
verbos transitivos -> VERB
adverbio de lugar sufijado -> ADV
adjetivo demostrativo masculino singular -> ADJ
adjetivo demostrativo femenino singular -> ADJ
adjetivo demostrativo plural -> ADJ
adjetivo demostrativo singular -> ADJ
pronombre demostrativo declinado -> PRON
forma de pronombre -> PRON
adverbio y adjetivo -> ADV
adverbio y adjetivo -> ADJ
sustantivo masculino colectivo -> NOUN
adejetivo -> ADJ
forma substantiva -> NOUN
pronombre y verbo -> VERB
pronombre y verbo -> PRON
adjetivo numeral cardinal femenino -> NUM
particula -> PRT
sustantivo o femenino -> NOUN
sustantivo femenino + adjetivo -> NOUN
sustantivo femenino + adjetivo -> ADJ
verbo intransitivo conjugado -> VERB
sustantivos femenino -> NOUN
verbo copulativo y auxiliar -> VERB
verbo intransitivo o transitivo -> VERB
pronombre personal masculino -> PRON
cojunción -> CONJ
locución verbal instransitiva -> VERB
sustantivo masculido plural -> NOUN
ajetivo -> ADJ
locución sustantiva o adjetiva -> NOUN
locución sustantiva o adjetiva -> ADJ
locución prepositiva -> ADP
partícula relativa -> PRT
adjetivo y pronombre -> PRON
adjetivo y pronombre -> ADJ
exclamación -> X
sustantivo feemnino -> NOUN
verbo copulativo -> VERB
pronombre y sustantivo -> NOUN
verbo de aspecto imperfectivo -> VERB
verbo transitivio -> VERB
conjugacón -> CONJ
formas verbales -> VERB
forma adjetiva y sustantiva masculina -> ADJ
forma adjetiva neutra -> ADJ
grados del adjetivo -> ADJ
forma verbal y adjetivo -> VERB
forma verbal y adjetivo -> ADJ
sustantivo propi -> NOUN
sustantivo masculino. -> NOUN
conjunción distributiva -> CONJ
adejtivo -> ADJ
sustativo -> NOUN
sustantivo femnino -> NOUN
adjetivo prefijo -> ADJ
conjuncíon -> CONJ
sustantivo propio neutro -> NOUN
sustantivo masulino y adjetivo -> NOUN
sustantivo masulino y adjetivo -> ADJ
forma adverbial -> ADV
verbo transitivo defectivo -> VERB
verbo, según el uso -> VERB
adjetivo masculino y femenino -> ADJ
pronombre impersonal -> PRON
sustantivos masculino -> NOUN
forma verball -> VERB
adverbio prefijo -> ADV
verbo  auxiliar -> VERB
forma de participio -> VERB
forma de participio -> ADJ
verbo transitivo e intransitivo (auxiliar "avere") -> VERB
verbo intransitivo (auxiliar "essere") -> VERB
sustantivo chica -> NOUN
sustantivos inanimados -> NOUN
preposición y posesivo -> ADP
locución adbervial -> ADV
sustantivo masulino -> NOUN
sɛustantivo masculino -> NOUN
sustantivo? -> NOUN
verbo (pa‘al) intransitivo -> VERB
sustantiva masculino -> NOUN
pronombres -> PRON
sustantivo neutro compuesto -> NOUN
forma adjetiva y de sustantivo masculino -> ADJ
sustantivo verbal femenino -> NOUN
forma prepositiva -> ADP
sustantivo indeclinable -> NOUN
preposición y cópula -> ADP
preposición y pronombre personal -> ADP
conjunción y verbo -> VERB
conjunción y verbo -> CONJ
forma adjetiva y pronominal -> ADJ
sustantivo neutro plural -> NOUN
verbo prnominal -> VERB
verbo mediopasivo -> VERB
forma de pronombre personal -> PRON
forma femenina adjetiva y pronominal -> ADJ
forma de pronombre y de adjetivo demostrativo -> ADJ
forma adjetiva masculina -> ADJ
forma sustantivo -> NOUN
forma de locución sustantiva femenina -> NOUN
sustantivo  -> NOUN
forma de locución sustantiva masculina -> NOUN
interjeción -> X
forma sustantiva y adjetiva -> ADJ
forma sustantiva y adjetiva -> NOUN
forma sustantiva neutra -> NOUN
forma sustantiva masculina e interjección -> NOUN
forma sustantiva masculina y femenina -> NOUN
forma sustantiva femenina y masculina -> NOUN
forma de pronombre demostrativo -> PRON
forma adjetiva femenina -> ADJ
forma adjetiva y forma sustantiva masculina -> ADJ
forma adjetiva y forma sustantiva masculina -> NOUN
forma adjetiva y sustantiva femenina -> ADJ
forma adjetiva y sustantiva femenina -> NOUN
forma sustantiva femenino -> NOUN
forma de locución adjetiva -> ADJ
forma sustantiva masculna -> NOUN
forma verbal y adjetiva -> VERB
forma verbal y adjetiva -> ADJ
advervio -> ADV
forma adjetiva y participio -> ADJ
forma sustantivo femenino -> NOUN
forma sustantiva masculina y adjetiva -> NOUN
forma sustantiva masculina y adjetiva -> ADJ
forma sustantiva femenina y adjetiva -> NOUN
forma verbal enclítica -> VERB
forma adjetiva y de sustantivo femenino -> ADJ
forma adjetiva y de sustantivo femenino -> NOUN
forma sustantiva de género ambiguo -> NOUN
forma sustantivo plural -> NOUN
forma sustantiva femenina o masculina -> NOUN
forma sustantiva y de participio -> ADJ
forma adjetiva, sustantiva y de participio -> ADJ
forma adjetiva, sustantiva y de participio -> NOUN
forma adjetiva, sustantiva y de participio -> PRT
forma de sustantivo femenino -> NOUN
forma de pronombre y adjetivo demostrativo -> NOUN
forma de pronombre y adjetivo demostrativo -> ADJ
forma de sustantivo masculino -> NOUN
forma de sustantivo propio femenino -> NOUN
forma adjetiva y de pronombre -> ADJ
verbo -> VERB
forma adjetiva sustantiva masculina -> ADJ
forma adjetiva sustantiva masculina -> NOUN
forma sustantiva ambigua -> NOUN
forma sustantiva masculino -> NOUN
forma verbal con enclítico -> VERB
forma de sustantivo propio masculino -> NOUN
forma de participio y de sustantivo masculino -> NOUN
forma de participio y de sustantivo masculino -> PRT
forma adjetiva y de sustantiva masculino -> ADJ
forma adjetiva y de sustantiva masculino -> NOUN
forma de pronombre relativo -> PRON
form verb -> VERB
forma verbal y sustantivo masculino -> NOUN
forma verbal y sustantivo masculino -> VERB
formal adjetiva -> ADJ
forma adjetiva masculina y femenina -> ADJ
forma de verbo transitivo -> VERB
forma adjetiva, de participio y sustantiva -> ADJ
forma adjetiva, de participio y sustantiva -> NOUN
forma adjetiva y de sustantivo -> NOUN
forma adjetiva y de sustantivo -> ADJ
adjetivo sustantivado -> ADJ
locución sustantivada femenina -> NOUN
locución sustantivada masculina -> NOUN
